1
3
5
7
9
[1,9,25,49,81]
6
7
[2,4,6,8]
[{a:1,b:3},{a:3,b:1}]
[Alice,Bob,Celery,David,Elle]
