{a:nil,b:1,c:cc,d:true,e:function(<anonymous>),f:{xxx:this is xxx},g:function(<anonymous>),h:function(<anonymous>)}
nil
1
cc
true
function(<anonymous>)
this is xxx
what
who?
nil
