9
9
9
9
4
4
2
2
6
6
6
6
15
240
240
15
false
false
false
true
true
false
true
true
true
false
true
0
255
255
0
255
255
254
11
3
2
